// Jest Snapshot v1, https://goo.gl/fbAQLP

exports[`can read data 1`] = `
Object {
  "English": "from",
  "Rank": "1",
  "Spanish": "de",
}
`;
